main.c:68:6:delay	16	static
main.c:74:6:HAL_TIM_PeriodElapsedCallback	16	static
main.c:103:9:cal_dis	16	static
main.c:112:6:Trig_Ultrasonic_1	16	static
main.c:134:6:Trig_Ultrasonic_2	16	static
main.c:157:6:HAL_TIM_IC_CaptureCallback	16	static
main.c:167:6:HCSR04_Read	8	static
main.c:183:5:main	8	static
main.c:262:6:SystemClock_Config	88	static
main.c:306:13:MX_I2C1_Init	8	static
main.c:340:13:MX_TIM1_Init	32	static
main.c:389:13:MX_TIM2_Init	32	static
main.c:437:13:MX_TIM3_Init	48	static
main.c:486:13:MX_USART2_UART_Init	8	static
main.c:519:13:MX_GPIO_Init	48	static
main.c:559:6:Error_Handler	4	static,ignoring_inline_asm
